manifests should match snapshot:
  1: |
    apiVersion: policy.open-cluster-management.io/v1beta1
    kind: OperatorPolicy
    metadata:
      labels:
        app.kubernetes.io/instance: strimzi-kafka-operator
        app.kubernetes.io/managed-by: Helm
        app.kubernetes.io/name: acm-operatorpolicy
        app.kubernetes.io/version: v1beta1
        helm.sh/chart: acm-operatorpolicy-1.1.0
      name: strimzi-kafka-operator-acm-operatorpolicy
      namespace: open-cluster-management-policies
    spec:
      complianceConfig:
        catalogSourceUnhealthy: Compliant
        deploymentsUnavailable: NonCompliant
        upgradesAvailable: Compliant
      complianceType: musthave
      remediationAction: enforce
      removalBehavior:
        clusterServiceVersions: Delete
        customResourceDefinitions: Keep
        operatorGroups: DeleteIfUnused
        subscriptions: Delete
      severity: medium
      subscription:
        channel: strimzi-0.46.x
        name: strimzi-kafka-operator
        source: community-operators
        sourceNamespace: openshift-marketplace
        startingCSV: strimzi-cluster-operator.v0.46.1
      upgradeApproval: Automatic
      versions:
        - strimzi-cluster-operator.v0.46.1
