manifests should match snapshot:
  1: |
    apiVersion: networking.k8s.io/v1
    kind: NetworkPolicy
    metadata:
      labels:
        app.kubernetes.io/instance: crossplane-helm
        app.kubernetes.io/managed-by: Helm
        app.kubernetes.io/name: crossplane-helm
        app.kubernetes.io/version: 1.19.2
        helm.sh/chart: crossplane-helm-1.5.0
      name: crossplane-helm-allow-proxy
      namespace: apc-crossplane-system
    spec:
      egress:
        - to:
            - ipBlock:
                cidr: 1.2.3.4/32
            - ipBlock:
                cidr: 1.2.3.5/32
      podSelector: {}
      policyTypes:
        - Egress
