manifest should match snapshot:
  1: |
    data:
      caCertificates:
        local.crt: |
          -----BEGIN CERTIFICATE-----
          local
          -----END CERTIFICATE-----
        override.crt: |
          -----BEGIN CERTIFICATE-----
          local
          -----END CERTIFICATE-----
      caCertificatesBundle: |
        -----BEGIN CERTIFICATE-----
        local
        -----END CERTIFICATE-----
        -----BEGIN CERTIFICATE-----
        local
        -----END CERTIFICATE-----
      caCertificatesBundleB64: LS0tLS1CRUdJTiBDRVJUSUZJQ0FURS0tLS0tCmxvY2FsCi0tLS0tRU5EIENFUlRJRklDQVRFLS0tLS0KLS0tLS1CRUdJTiBDRVJUSUZJQ0FURS0tLS0tCmxvY2FsCi0tLS0tRU5EIENFUlRJRklDQVRFLS0tLS0=
      caCertificatesBundleB64Safe: LS0tLS1CRUdJTiBDRVJUSUZJQ0FURS0tLS0tCmxvY2FsCi0tLS0tRU5EIENFUlRJRklDQVRFLS0tLS0KLS0tLS1CRUdJTiBDRVJUSUZJQ0FURS0tLS0tCmxvY2FsCi0tLS0tRU5EIENFUlRJRklDQVRFLS0tLS0K
      caCertificatesExtracted: ""
      caCertificatesMerged:
        global.crt: |
          -----BEGIN CERTIFICATE-----
          global
          -----END CERTIFICATE-----
        local.crt: |
          -----BEGIN CERTIFICATE-----
          local
          -----END CERTIFICATE-----
        override.crt: |
          -----BEGIN CERTIFICATE-----
          local
          -----END CERTIFICATE-----
      clusterAcmName: clusterAcmName-local
      clusterApiURL: clusterApiURL-local
      clusterApiVersions:
        - clusterApiVersions-local
      clusterAppsDomain: clusterAppsDomain-local
      clusterBaseDomain: clusterBaseDomain-local
      clusterIsHub: false
      clusterKubeVersion: clusterKubeVersion-local
      clusterName: clusterName-local
      clusterRunsApps: false
      clusterServices:
        local:
          url: clusterServicesLocalUrl-local
        override:
          url: clusterServicesOverrideUrl-local
      clusterServicesExtracted: clusterServicesOverrideUrl-local
      clusterServicesMerged:
        global:
          url: clusterServicesGlobalUrl-global
        local:
          url: clusterServicesLocalUrl-local
        override:
          url: clusterServicesOverrideUrl-local
      clusterType: clusterType-local
      customer: customer-local
      environment: environment-local
      environmentShort: environmentShort-local
      noProxy: noProxy-local
      proxy: proxy-local
      proxyCIDRs:
        - proxyIP-local1
        - proxyIP-local2
      proxyCIDRsArray:
        - IP: proxyIP-local1
        - IP: proxyIP-local2
      repoTargetRevision: repoTargetRevision-local
      repoURL: repoURL-local
      services:
        certManager:
          defaultClusterIssuer: certManagerDefaultClusterIssuer-local
        crossplane:
          kubeVaultProviderConfigName: crossplaneKubeVaultProviderConfigName-local
        externalSecretsOperator:
          defaultClusterSecretStore: ESODefaultClusterSecretStore-local
        local:
          url: servicesLocaltUrl-local
        vault:
          kubeAuthMountPath: vaultKubeAuthMountPath-local
          name: vaultName-local
          url: vaultUrl-local
      servicesExtracted:
        certManager:
          defaultClusterIssuer: certManagerDefaultClusterIssuer-local
        crossplane:
          kubeVaultProviderConfigName: crossplaneKubeVaultProviderConfigName-local
        externalSecretsOperator:
          defaultClusterSecretStore: ESODefaultClusterSecretStore-local
        vault:
          kubeAuthMountPath: vaultKubeAuthMountPath-local
          name: vaultName-local
          url: vaultUrl-local
      servicesMerged:
        certManager:
          defaultClusterIssuer: certManagerDefaultClusterIssuer-local
        crossplane:
          kubeVaultProviderConfigName: crossplaneKubeVaultProviderConfigName-local
        externalSecretsOperator:
          defaultClusterSecretStore: ESODefaultClusterSecretStore-local
        global:
          url: servicesGlobalUrl-global
        local:
          url: servicesLocaltUrl-local
        vault:
          kubeAuthMountPath: vaultKubeAuthMountPath-local
          name: vaultName-local
          url: vaultUrl-local
