manifest should match snapshot:
  1: |
    data:
      clusterAcmName: null
      clusterApiURL: null
      clusterApiVersions: []
      clusterAppsDomain: null
      clusterBaseDomain: null
      clusterIsHub: false
      clusterKubeVersion: null
      clusterName: null
      clusterRunsApps: false
      clusterServices: {}
      clusterServicesExtracted: null
      clusterServicesMerged: {}
      clusterType: null
      customer: null
      environment: null
      environmentShort: null
      repoTargetRevision: HEAD
      repoURL: null
      services: {}
      servicesExtracted:
        certManager:
          defaultClusterIssuer: null
        crossplane:
          kubeVaultProviderConfigName: null
        externalSecretsOperator:
          defaultClusterSecretStore: null
        vault:
          kubeAuthMountPath: null
          name: null
          url: null
      servicesMerged: {}
