manifest should match snapshot:
  1: |
    data:
      caCertificates:
        cert-global.crt: |
          -----BEGIN CERTIFICATE-----
          global
          -----END CERTIFICATE-----
        cert.crt: |
          -----BEGIN CERTIFICATE-----
          global
          -----END CERTIFICATE-----
      caCertificatesMerged:
        cert-global.crt: |
          -----BEGIN CERTIFICATE-----
          global
          -----END CERTIFICATE-----
        cert.crt: |
          -----BEGIN CERTIFICATE-----
          global
          -----END CERTIFICATE-----
      clusterAcmName: clusterAcmName-global
      clusterApiURL: clusterApiURL-global
      clusterApiVersions:
        - clusterApiVersions-global
      clusterAppsDomain: clusterAppsDomain-global
      clusterBaseDomain: clusterBaseDomain-global
      clusterIsHub: true
      clusterKubeVersion: clusterKubeVersion-global
      clusterName: clusterName-global
      clusterRunsApps: true
      clusterServices:
        global:
          url: clusterServicesGlobalUrl-global
        override:
          url: clusterServicesOverrideUrl-global
      clusterServicesMerged:
        global:
          url: clusterServicesGlobalUrl-global
        override:
          url: clusterServicesOverrideUrl-global
      clusterType: clusterType-global
      customer: customer-global
      environment: environment-global
      environmentShort: environmentShort-global
      noProxy: noProxy-global
      proxy: proxy-global
      proxyIPs:
        - proxyIP-global
      repoTargetRevision: repoTargetRevision-global
      repoURL: repoURL-global
      services:
        global:
          url: servicesGlobalUrl-global
        override:
          url: servicesOverrideUrl-global
      servicesMerged:
        global:
          url: servicesGlobalUrl-global
        override:
          url: servicesOverrideUrl-global
